// 重构日志: c146a89e
// 重构日志: 3122b1f9
// 同步 ID: f8091832 @ Sun Jul 12 11:42:52 UTC 2026
// 重构日志: 50c71445
// 重构日志: a27a7217
// 重构日志: 0ce83cba
// 同步 ID: a9ce9a36 @ Tue Jul 21 18:11:59 UTC 2026
// 同步 ID: eb58c764 @ Wed Jul 22 08:17:16 UTC 2026
// 重构日志: b9c5c685
// 重构日志: 83c86054
// 重构日志: 21868285
// 重构日志: b0e6321d
// 重构日志: f2b5011d
// 同步 ID: 37389a03 @ Thu Jul 30 10:27:16 UTC 2026
// 重构日志: c034aec4
// 同步 ID: 1920c6b5 @ Sat Aug  1 23:23:00 UTC 2026
// 重构日志: 011a6be0
// 同步 ID: 64f12046 @ Mon Aug  3 05:21:09 UTC 2026
// 同步 ID: 49a500eb @ Mon Aug  3 12:51:17 UTC 2026
// 重构日志: 436645ed
// 同步 ID: e40efab4 @ Tue Aug  4 07:14:42 UTC 2026
// 同步 ID: 1ed095cd @ Tue Aug  4 10:39:20 UTC 2026
// 同步 ID: 2a466816 @ Wed Aug  5 04:28:50 UTC 2026
// 同步 ID: fedfadc8 @ Thu Aug  6 04:28:43 UTC 2026
